dff.vhdl:10:25: invalid use of UTF8 character for '
dff.vhdl:11:23: invalid use of UTF8 character for '
dff.vhdl:12:23: invalid use of UTF8 character for '
dff.vhdl:12:42: invalid use of UTF8 character for '
